// Vitest Snapshot v1, https://vitest.dev/guide/snapshot.html

exports[`Confluence publishing (brief 12) > renders ADF for the parent and child pages 1`] = `
{
  "content": [
    {
      "attrs": {
        "level": 2,
      },
      "content": [
        {
          "text": "Executive summary",
          "type": "text",
        },
      ],
      "type": "heading",
    },
    {
      "content": [
        {
          "text": "This scan found 46 BoxLang migration work items in the codebase. 13 of them block the migration and are scheduled first, in Phase 1. The plan runs in four risk-first phases, with the highest-risk work scheduled first. Total estimated effort is 190.5 hours. Start with the 13 Phase 1 items to clear the blockers before compatibility work.",
          "type": "text",
        },
      ],
      "type": "paragraph",
    },
    {
      "attrs": {
        "level": 2,
      },
      "content": [
        {
          "text": "Phasing roadmap",
          "type": "text",
        },
      ],
      "type": "heading",
    },
    {
      "attrs": {
        "isNumberColumnEnabled": false,
        "layout": "default",
      },
      "content": [
        {
          "content": [
            {
              "content": [
                {
                  "content": [
                    {
                      "text": "Phase",
                      "type": "text",
                    },
                  ],
                  "type": "paragraph",
                },
              ],
              "type": "tableHeader",
            },
            {
              "content": [
                {
                  "content": [
                    {
                      "text": "Work items",
                      "type": "text",
                    },
                  ],
                  "type": "paragraph",
                },
              ],
              "type": "tableHeader",
            },
            {
              "content": [
                {
                  "content": [
                    {
                      "text": "Estimated hours",
                      "type": "text",
                    },
                  ],
                  "type": "paragraph",
                },
              ],
              "type": "tableHeader",
            },
            {
              "content": [
                {
                  "content": [
                    {
                      "text": "Sprints",
                      "type": "text",
                    },
                  ],
                  "type": "paragraph",
                },
              ],
              "type": "tableHeader",
            },
          ],
          "type": "tableRow",
        },
        {
          "content": [
            {
              "content": [
                {
                  "content": [
                    {
                      "text": "Phase 1: Stabilize",
                      "type": "text",
                    },
                  ],
                  "type": "paragraph",
                },
              ],
              "type": "tableCell",
            },
            {
              "content": [
                {
                  "content": [
                    {
                      "text": "13",
                      "type": "text",
                    },
                  ],
                  "type": "paragraph",
                },
              ],
              "type": "tableCell",
            },
            {
              "content": [
                {
                  "content": [
                    {
                      "text": "35.6",
                      "type": "text",
                    },
                  ],
                  "type": "paragraph",
                },
              ],
              "type": "tableCell",
            },
            {
              "content": [
                {
                  "content": [
                    {
                      "text": "1",
                      "type": "text",
                    },
                  ],
                  "type": "paragraph",
                },
              ],
              "type": "tableCell",
            },
          ],
          "type": "tableRow",
        },
        {
          "content": [
            {
              "content": [
                {
                  "content": [
                    {
                      "text": "Phase 2: Compatibility",
                      "type": "text",
                    },
                  ],
                  "type": "paragraph",
                },
              ],
              "type": "tableCell",
            },
            {
              "content": [
                {
                  "content": [
                    {
                      "text": "17",
                      "type": "text",
                    },
                  ],
                  "type": "paragraph",
                },
              ],
              "type": "tableCell",
            },
            {
              "content": [
                {
                  "content": [
                    {
                      "text": "61.9",
                      "type": "text",
                    },
                  ],
                  "type": "paragraph",
                },
              ],
              "type": "tableCell",
            },
            {
              "content": [
                {
                  "content": [
                    {
                      "text": "1",
                      "type": "text",
                    },
                  ],
                  "type": "paragraph",
                },
              ],
              "type": "tableCell",
            },
          ],
          "type": "tableRow",
        },
        {
          "content": [
            {
              "content": [
                {
                  "content": [
                    {
                      "text": "Phase 3: Modernize",
                      "type": "text",
                    },
                  ],
                  "type": "paragraph",
                },
              ],
              "type": "tableCell",
            },
            {
              "content": [
                {
                  "content": [
                    {
                      "text": "13",
                      "type": "text",
                    },
                  ],
                  "type": "paragraph",
                },
              ],
              "type": "tableCell",
            },
            {
              "content": [
                {
                  "content": [
                    {
                      "text": "80.2",
                      "type": "text",
                    },
                  ],
                  "type": "paragraph",
                },
              ],
              "type": "tableCell",
            },
            {
              "content": [
                {
                  "content": [
                    {
                      "text": "1",
                      "type": "text",
                    },
                  ],
                  "type": "paragraph",
                },
              ],
              "type": "tableCell",
            },
          ],
          "type": "tableRow",
        },
        {
          "content": [
            {
              "content": [
                {
                  "content": [
                    {
                      "text": "Phase 4: Elevate",
                      "type": "text",
                    },
                  ],
                  "type": "paragraph",
                },
              ],
              "type": "tableCell",
            },
            {
              "content": [
                {
                  "content": [
                    {
                      "text": "3",
                      "type": "text",
                    },
                  ],
                  "type": "paragraph",
                },
              ],
              "type": "tableCell",
            },
            {
              "content": [
                {
                  "content": [
                    {
                      "text": "12.8",
                      "type": "text",
                    },
                  ],
                  "type": "paragraph",
                },
              ],
              "type": "tableCell",
            },
            {
              "content": [
                {
                  "content": [
                    {
                      "text": "1",
                      "type": "text",
                    },
                  ],
                  "type": "paragraph",
                },
              ],
              "type": "tableCell",
            },
          ],
          "type": "tableRow",
        },
      ],
      "type": "table",
    },
    {
      "attrs": {
        "level": 2,
      },
      "content": [
        {
          "text": "Statistics",
          "type": "text",
        },
      ],
      "type": "heading",
    },
    {
      "content": [
        {
          "text": "Total work items: 46. Migration blockers: 13. Total estimated effort: 190.5 hours.",
          "type": "text",
        },
      ],
      "type": "paragraph",
    },
    {
      "content": [
        {
          "text": "Each phase has its own child page with the detailed work items.",
          "type": "text",
        },
      ],
      "type": "paragraph",
    },
  ],
  "type": "doc",
  "version": 1,
}
`;
