// Vitest Snapshot v1, https://vitest.dev/guide/snapshot.html

exports[`migration plan (brief 12, 15, 16) > matches the committed golden plan summary 1`] = `
[
  {
    "count": 13,
    "hours": 35.6,
    "name": "Stabilize",
    "phase": 1,
    "sprints": 1,
  },
  {
    "count": 17,
    "hours": 61.9,
    "name": "Compatibility",
    "phase": 2,
    "sprints": 1,
  },
  {
    "count": 13,
    "hours": 80.2,
    "name": "Modernize",
    "phase": 3,
    "sprints": 1,
  },
  {
    "count": 3,
    "hours": 12.8,
    "name": "Elevate",
    "phase": 4,
    "sprints": 1,
  },
]
`;
